[Thu Aug 24 18:54:16.477340 2017] [ssl:warn] [pid 14532] AH01909: example.com:443:0 server certificate does NOT include an ID which matches the server name
[ 2017-08-24 18:54:16.4828 14533/7fbda6448740 age/Wat/WatchdogMain.cpp:1281 ]: Starting Passenger watchdog...
[ 2017-08-24 18:54:16.4935 14536/7fb9f3dc4740 age/Cor/CoreMain.cpp:1070 ]: Starting Passenger core...
[ 2017-08-24 18:54:16.4937 14536/7fb9f3dc4740 age/Cor/CoreMain.cpp:245 ]: Passenger core running in multi-application mode.
[ 2017-08-24 18:54:16.4979 14536/7fb9f3dc4740 age/Cor/CoreMain.cpp:820 ]: Passenger core online, PID 14536
[ 2017-08-24 18:54:16.5047 14544/7f089fe9f740 age/Ust/UstRouterMain.cpp:529 ]: Starting Passenger UstRouter...
[ 2017-08-24 18:54:16.5054 14544/7f089fe9f740 age/Ust/UstRouterMain.cpp:342 ]: Passenger UstRouter online, PID 14544


[ 2017-08-24 18:54:16.5168 14536/7fb9f0a9f700 age/Cor/CoreMain.cpp:585 ]: Signal received. Gracefully shutting down... (send signal 2 more time(s) to force shutdown)
[ 2017-08-24 18:54:16.5168 14544/7f089cdd5700 age/Ust/UstRouterMain.cpp:422 ]: Signal received. Gracefully shutting down... (send signal 2 more time(s) to force shutdown)
[ 2017-08-24 18:54:16.5169 14536/7fb9f3dc4740 age/Cor/CoreMain.cpp:989 ]: Received command to shutdown gracefully. Waiting until all clients have disconnected...
[ 2017-08-24 18:54:16.5169 14544/7f089fe9f740 age/Ust/UstRouterMain.cpp:492 ]: Received command to shutdown gracefully. Waiting until all clients have disconnected...
[ 2017-08-24 18:54:16.5169 14544/7f088ffff700 Ser/Server.h:817 ]: [UstRouterApiServer] Freed 0 spare client objects
[ 2017-08-24 18:54:16.5170 14544/7f088ffff700 Ser/Server.h:464 ]: [UstRouterApiServer] Shutdown finished
[ 2017-08-24 18:54:16.5170 14536/7fb9dbfff700 Ser/Server.h:817 ]: [ServerThr.2] Freed 128 spare client objects
[ 2017-08-24 18:54:16.5169 14544/7f089cdd5700 Ser/Server.h:464 ]: [UstRouter] Shutdown finished
[ 2017-08-24 18:54:16.5170 14536/7fb9dbfff700 Ser/Server.h:464 ]: [ServerThr.2] Shutdown finished
[ 2017-08-24 18:54:16.5171 14536/7fb9db7fe700 Ser/Server.h:817 ]: [ServerThr.3] Freed 128 spare client objects
[ 2017-08-24 18:54:16.5171 14536/7fb9db7fe700 Ser/Server.h:464 ]: [ServerThr.3] Shutdown finished
[ 2017-08-24 18:54:16.5171 14536/7fb9f0a9f700 Ser/Server.h:817 ]: [ServerThr.1] Freed 128 spare client objects
[ 2017-08-24 18:54:16.5172 14536/7fb9f0a9f700 Ser/Server.h:464 ]: [ServerThr.1] Shutdown finished
[ 2017-08-24 18:54:16.5172 14536/7fb9da7fc700 Ser/Server.h:817 ]: [ApiServer] Freed 0 spare client objects
[ 2017-08-24 18:54:16.5172 14536/7fb9da7fc700 Ser/Server.h:464 ]: [ApiServer] Shutdown finished
[ 2017-08-24 18:54:16.5173 14536/7fb9daffd700 Ser/Server.h:817 ]: [ServerThr.4] Freed 128 spare client objects
[ 2017-08-24 18:54:16.5173 14536/7fb9daffd700 Ser/Server.h:464 ]: [ServerThr.4] Shutdown finished
[ 2017-08-24 18:54:16.5175 14544/7f089fe9f740 age/Ust/UstRouterMain.cpp:523 ]: Passenger UstRouter shutdown finished
[Thu Aug 24 18:54:16.554431 2017] [ssl:warn] [pid 14565] AH01909: example.com:443:0 server certificate does NOT include an ID which matches the server name
[ 2017-08-24 18:54:16.5670 14570/7f7639401740 age/Wat/WatchdogMain.cpp:1281 ]: Starting Passenger watchdog...
[ 2017-08-24 18:54:16.5731 14573/7f5dd1d28740 age/Cor/CoreMain.cpp:1070 ]: Starting Passenger core...
[ 2017-08-24 18:54:16.5732 14573/7f5dd1d28740 age/Cor/CoreMain.cpp:245 ]: Passenger core running in multi-application mode.
[ 2017-08-24 18:54:16.5776 14573/7f5dd1d28740 age/Cor/CoreMain.cpp:820 ]: Passenger core online, PID 14573
[ 2017-08-24 18:54:16.5799 14536/7fb9f3dc4740 age/Cor/CoreMain.cpp:1055 ]: Passenger core shutdown finished
[ 2017-08-24 18:54:16.5846 14615/7f5b65918740 age/Ust/UstRouterMain.cpp:529 ]: Starting Passenger UstRouter...
[ 2017-08-24 18:54:16.5854 14615/7f5b65918740 age/Ust/UstRouterMain.cpp:342 ]: Passenger UstRouter online, PID 14615
[Thu Aug 24 18:54:16.588267 2017] [mpm_prefork:notice] [pid 14565] AH00163: Apache/2.4.27 (Unix) OpenSSL/1.0.2l PHP/5.6.31 mod_wsgi/3.5 Python/2.7.13 Phusion_Passenger/5.1.2 configured -- resuming normal operations
[Thu Aug 24 18:54:16.588320 2017] [core:notice] [pid 14565] AH00094: Command line: '/opt/lms_edx/edx-ficus.3-3/apache2/bin/httpd.bin -f /opt/lms_edx/edx-ficus.3-3/apache2/conf/httpd.conf'
App 14664 stdout: 
[ 2017-08-24 18:54:19.2212 14573/7f5dcf285700 age/Cor/SecurityUpdateChecker.h:452 ]: Security update check failed: Problem with the SSL CA cert (path? access rights?) while connecting to https://securitycheck.phusionpassenger.com:443/v1/check.json ; this might happen if the nss backend is installed for libcurl instead of GnuTLS or OpenSSL. If the problem persists, you can also try upgrading or reinstalling Passenger (next check in 24 hours)
App 14664 stdout: Loading config.ru.
App 14664 stdout: W, [2017-08-24T18:54:22.751082 #14664]  WARN -- : Overwriting existing field _id in class User.
App 14725 stdout: 
App 14664 stderr: source=rack-timeout id=910007648f53818cf30377b53bc89a88 timeout=20000ms state=ready at=info
App 14664 stderr: I, [2017-08-24T18:54:23.732092 #14725]  INFO -- : source=rack-timeout id=910007648f53818cf30377b53bc89a88 timeout=20000ms service=27ms state=completed
App 14664 stderr: 127.0.0.1 - - [24/Aug/2017:18:54:23 +0700] "HEAD / HTTP/1.1" 401 - 0.0118
[Thu Aug 24 19:06:28.528630 2017] [:error] [pid 14639] [client 47.36.90.104:58034] script '/opt/lms_edx/edx-ficus.3-3/apache2/htdocs/xmlrpc.php' not found or unable to stat
[Thu Aug 24 19:06:28.720851 2017] [:error] [pid 14639] [client 47.36.90.104:58034] script '/opt/lms_edx/edx-ficus.3-3/apache2/htdocs/wp-login.php' not found or unable to stat
[Thu Aug 24 19:06:28.912347 2017] [:error] [pid 14639] [client 47.36.90.104:58034] script '/opt/lms_edx/edx-ficus.3-3/apache2/htdocs/wp-login.php' not found or unable to stat
[Thu Aug 24 19:06:29.202323 2017] [:error] [pid 14639] [client 47.36.90.104:58034] script '/opt/lms_edx/edx-ficus.3-3/apache2/htdocs/wp-login.php' not found or unable to stat
[Thu Aug 24 19:06:29.392518 2017] [:error] [pid 14639] [client 47.36.90.104:58034] script '/opt/lms_edx/edx-ficus.3-3/apache2/htdocs/wp-login.php' not found or unable to stat
[Thu Aug 24 19:13:26.210786 2017] [:error] [pid 14638] [client 89.217.209.76:54998] script '/opt/lms_edx/edx-ficus.3-3/apache2/htdocs/xmlrpc.php' not found or unable to stat
[Thu Aug 24 19:13:26.560468 2017] [:error] [pid 14638] [client 89.217.209.76:54998] script '/opt/lms_edx/edx-ficus.3-3/apache2/htdocs/wp-login.php' not found or unable to stat
[Thu Aug 24 19:13:26.910111 2017] [:error] [pid 14638] [client 89.217.209.76:54998] script '/opt/lms_edx/edx-ficus.3-3/apache2/htdocs/wp-login.php' not found or unable to stat
[Thu Aug 24 19:13:27.360331 2017] [:error] [pid 14638] [client 89.217.209.76:54998] script '/opt/lms_edx/edx-ficus.3-3/apache2/htdocs/wp-login.php' not found or unable to stat
[Thu Aug 24 19:13:27.716047 2017] [:error] [pid 14638] [client 89.217.209.76:54998] script '/opt/lms_edx/edx-ficus.3-3/apache2/htdocs/wp-login.php' not found or unable to stat
App 14664 stderr: source=rack-timeout id=1c9f64a260e67195ebc0524854efbeb8 timeout=20000ms state=ready at=info
App 14664 stderr: I, [2017-08-24T19:19:24.279572 #14725]  INFO -- : source=rack-timeout id=1c9f64a260e67195ebc0524854efbeb8 timeout=20000ms service=250ms state=completed
App 14664 stderr: ::1 - - [24/Aug/2017:19:19:24 +0700] "PUT /api/v1/users/2?request_id=2573b8df-1ebd-4e95-9d13-ceb291984db3 HTTP/1.1" 200 39 0.2493
[Thu Aug 24 19:20:14.875901 2017] [mpm_prefork:notice] [pid 14565] AH00169: caught SIGTERM, shutting down

[ 2017-08-24 19:20:14.9143 14573/7f5dcea03700 age/Cor/CoreMain.cpp:585 ]: Signal received. Gracefully shutting down... (send signal 2 more time(s) to force shutdown)
[ 2017-08-24 19:20:14.9147 14573/7f5dd1d28740 age/Cor/CoreMain.cpp:989 ]: Received command to shutdown gracefully. Waiting until all clients have disconnected...
[ 2017-08-24 19:20:14.9152 14573/7f5dd1d28740 age/Cor/CoreMain.cpp:907 ]: Checking whether to disconnect long-running connections for process 14725, application /opt/lms_edx/edx-ficus.3-3/apps/forum/cs_comments_service
[ 2017-08-24 19:20:14.9170 14573/7f5dce181700 Ser/Server.h:817 ]: [ServerThr.2] Freed 128 spare client objects
[ 2017-08-24 19:20:14.9172 14573/7f5dce181700 Ser/Server.h:464 ]: [ServerThr.2] Shutdown finished
[ 2017-08-24 19:20:14.9178 14573/7f5dcd8ff700 Ser/Server.h:817 ]: [ServerThr.3] Freed 128 spare client objects
[ 2017-08-24 19:20:14.9178 14573/7f5dcd8ff700 Ser/Server.h:464 ]: [ServerThr.3] Shutdown finished
[ 2017-08-24 19:20:14.9186 14573/7f5dcd07d700 Ser/Server.h:817 ]: [ServerThr.4] Freed 128 spare client objects
[ 2017-08-24 19:20:14.9186 14573/7f5dcd07d700 Ser/Server.h:464 ]: [ServerThr.4] Shutdown finished
[ 2017-08-24 19:20:14.9189 14573/7f5dcea03700 Ser/Server.h:817 ]: [ServerThr.1] Freed 128 spare client objects
[ 2017-08-24 19:20:14.9189 14573/7f5dcea03700 Ser/Server.h:464 ]: [ServerThr.1] Shutdown finished
[ 2017-08-24 19:20:14.9209 14573/7f5d9ffff700 Ser/Server.h:817 ]: [ApiServer] Freed 0 spare client objects
[ 2017-08-24 19:20:14.9217 14573/7f5d9ffff700 Ser/Server.h:464 ]: [ApiServer] Shutdown finished
[ 2017-08-24 19:20:14.9257 14573/7f5dd1d28740 age/Cor/CoreMain.cpp:907 ]: Checking whether to disconnect long-running connections for process 14725, application /opt/lms_edx/edx-ficus.3-3/apps/forum/cs_comments_service

[ 2017-08-24 19:20:14.9287 14615/7f5b6284e700 age/Ust/UstRouterMain.cpp:422 ]: Signal received. Gracefully shutting down... (send signal 2 more time(s) to force shutdown)
[ 2017-08-24 19:20:14.9295 14615/7f5b65918740 age/Ust/UstRouterMain.cpp:492 ]: Received command to shutdown gracefully. Waiting until all clients have disconnected...
[ 2017-08-24 19:20:14.9307 14615/7f5b6204d700 Ser/Server.h:817 ]: [UstRouterApiServer] Freed 0 spare client objects
[ 2017-08-24 19:20:14.9307 14615/7f5b6204d700 Ser/Server.h:464 ]: [UstRouterApiServer] Shutdown finished
[ 2017-08-24 19:20:14.9312 14615/7f5b6284e700 Ser/Server.h:464 ]: [UstRouter] Shutdown finished
[ 2017-08-24 19:20:14.9318 14615/7f5b65918740 age/Ust/UstRouterMain.cpp:523 ]: Passenger UstRouter shutdown finished
[ 2017-08-24 19:20:15.3443 14573/7f5dd1d28740 age/Cor/CoreMain.cpp:1055 ]: Passenger core shutdown finished
[Thu Aug 24 19:20:16.589325 2017] [ssl:warn] [pid 17719] AH01909: 127.0.0.1:443:0 server certificate does NOT include an ID which matches the server name
[Thu Aug 24 19:20:16.589733 2017] [ssl:warn] [pid 17719] AH01909: example.com:443:0 server certificate does NOT include an ID which matches the server name
[ 2017-08-24 19:20:16.5960 17720/7f05a844c740 age/Wat/WatchdogMain.cpp:1281 ]: Starting Passenger watchdog...
[ 2017-08-24 19:20:16.6023 17723/7f8957289740 age/Cor/CoreMain.cpp:1070 ]: Starting Passenger core...
[ 2017-08-24 19:20:16.6024 17723/7f8957289740 age/Cor/CoreMain.cpp:245 ]: Passenger core running in multi-application mode.
[ 2017-08-24 19:20:16.6079 17723/7f8957289740 age/Cor/CoreMain.cpp:820 ]: Passenger core online, PID 17723
[ 2017-08-24 19:20:16.6148 17730/7f1d11cd0740 age/Ust/UstRouterMain.cpp:529 ]: Starting Passenger UstRouter...
[ 2017-08-24 19:20:16.6158 17730/7f1d11cd0740 age/Ust/UstRouterMain.cpp:342 ]: Passenger UstRouter online, PID 17730


[ 2017-08-24 19:20:16.6270 17730/7f1d0ec06700 age/Ust/UstRouterMain.cpp:422 ]: Signal received. Gracefully shutting down... (send signal 2 more time(s) to force shutdown)
[ 2017-08-24 19:20:16.6270 17723/7f89477fe700 age/Cor/CoreMain.cpp:585 ]: Signal received. Gracefully shutting down... (send signal 2 more time(s) to force shutdown)
[ 2017-08-24 19:20:16.6270 17730/7f1d11cd0740 age/Ust/UstRouterMain.cpp:492 ]: Received command to shutdown gracefully. Waiting until all clients have disconnected...
[ 2017-08-24 19:20:16.6270 17723/7f8957289740 age/Cor/CoreMain.cpp:989 ]: Received command to shutdown gracefully. Waiting until all clients have disconnected...
[ 2017-08-24 19:20:16.6271 17730/7f1d0ec06700 Ser/Server.h:464 ]: [UstRouter] Shutdown finished
[ 2017-08-24 19:20:16.6271 17730/7f1d0e405700 Ser/Server.h:817 ]: [UstRouterApiServer] Freed 0 spare client objects
[ 2017-08-24 19:20:16.6271 17730/7f1d0e405700 Ser/Server.h:464 ]: [UstRouterApiServer] Shutdown finished
[ 2017-08-24 19:20:16.6273 17723/7f8946ffd700 Ser/Server.h:817 ]: [ServerThr.2] Freed 128 spare client objects
[ 2017-08-24 19:20:16.6273 17723/7f89467fc700 Ser/Server.h:817 ]: [ServerThr.3] Freed 128 spare client objects
[ 2017-08-24 19:20:16.6273 17723/7f8946ffd700 Ser/Server.h:464 ]: [ServerThr.2] Shutdown finished
[ 2017-08-24 19:20:16.6273 17723/7f89467fc700 Ser/Server.h:464 ]: [ServerThr.3] Shutdown finished
[ 2017-08-24 19:20:16.6274 17730/7f1d11cd0740 age/Ust/UstRouterMain.cpp:523 ]: Passenger UstRouter shutdown finished
[ 2017-08-24 19:20:16.6275 17723/7f8945ffb700 Ser/Server.h:817 ]: [ServerThr.4] Freed 128 spare client objects
[ 2017-08-24 19:20:16.6275 17723/7f8945ffb700 Ser/Server.h:464 ]: [ServerThr.4] Shutdown finished
[ 2017-08-24 19:20:16.6276 17723/7f89477fe700 Ser/Server.h:817 ]: [ServerThr.1] Freed 128 spare client objects
[ 2017-08-24 19:20:16.6276 17723/7f89477fe700 Ser/Server.h:464 ]: [ServerThr.1] Shutdown finished
[ 2017-08-24 19:20:16.6277 17723/7f89457fa700 Ser/Server.h:817 ]: [ApiServer] Freed 0 spare client objects
[ 2017-08-24 19:20:16.6277 17723/7f89457fa700 Ser/Server.h:464 ]: [ApiServer] Shutdown finished
[Thu Aug 24 19:20:16.669868 2017] [ssl:warn] [pid 17752] AH01909: 127.0.0.1:443:0 server certificate does NOT include an ID which matches the server name
[Thu Aug 24 19:20:16.670209 2017] [ssl:warn] [pid 17752] AH01909: example.com:443:0 server certificate does NOT include an ID which matches the server name
[ 2017-08-24 19:20:16.6906 17723/7f8957289740 age/Cor/CoreMain.cpp:1055 ]: Passenger core shutdown finished
[ 2017-08-24 19:20:16.7123 17761/7f78f83d5740 age/Wat/WatchdogMain.cpp:1281 ]: Starting Passenger watchdog...
[ 2017-08-24 19:20:16.7228 17836/7efff4b09740 age/Cor/CoreMain.cpp:1070 ]: Starting Passenger core...
[ 2017-08-24 19:20:16.7229 17836/7efff4b09740 age/Cor/CoreMain.cpp:245 ]: Passenger core running in multi-application mode.
[ 2017-08-24 19:20:16.7275 17836/7efff4b09740 age/Cor/CoreMain.cpp:820 ]: Passenger core online, PID 17836
[ 2017-08-24 19:20:16.7342 17878/7fd8b14ab740 age/Ust/UstRouterMain.cpp:529 ]: Starting Passenger UstRouter...
[ 2017-08-24 19:20:16.7349 17878/7fd8b14ab740 age/Ust/UstRouterMain.cpp:342 ]: Passenger UstRouter online, PID 17878
[Thu Aug 24 19:20:16.739185 2017] [mpm_prefork:notice] [pid 17752] AH00163: Apache/2.4.27 (Unix) OpenSSL/1.0.2l PHP/5.6.31 mod_wsgi/3.5 Python/2.7.13 Phusion_Passenger/5.1.2 configured -- resuming normal operations
[Thu Aug 24 19:20:16.739681 2017] [core:notice] [pid 17752] AH00094: Command line: '/opt/lms_edx/edx-ficus.3-3/apache2/bin/httpd.bin -f /opt/lms_edx/edx-ficus.3-3/apache2/conf/httpd.conf'
App 17923 stdout: 
[ 2017-08-24 19:20:19.8870 17836/7efff2066700 age/Cor/SecurityUpdateChecker.h:452 ]: Security update check failed: Problem with the SSL CA cert (path? access rights?) while connecting to https://securitycheck.phusionpassenger.com:443/v1/check.json ; this might happen if the nss backend is installed for libcurl instead of GnuTLS or OpenSSL. If the problem persists, you can also try upgrading or reinstalling Passenger (next check in 24 hours)
App 17923 stdout: Loading config.ru.
App 17923 stdout: W, [2017-08-24T19:20:23.058352 #17923]  WARN -- : Overwriting existing field _id in class User.
[Thu Aug 24 19:20:23.908075 2017] [:warn] [pid 17757] mod_wsgi (pid=17757): Callback registration for signal 27 ignored.
[Thu Aug 24 19:20:23.908299 2017] [:warn] [pid 17757]   File "/opt/lms_edx/edx-ficus.3-3/apps/edx/edx-platform/lms/bitnami_wsgi.py", line 20, in <module>
[Thu Aug 24 19:20:23.908321 2017] [:warn] [pid 17757]     openedx.core.operations.install_memory_dumper()
[Thu Aug 24 19:20:23.908334 2017] [:warn] [pid 17757]   File "/opt/lms_edx/edx-ficus.3-3/apps/edx/edx-platform/openedx/core/operations.py", line 40, in install_memory_dumper
[Thu Aug 24 19:20:23.908346 2017] [:warn] [pid 17757]     signal.signal(dump_signal, dump_memory)
App 18014 stdout: 
App 17923 stderr: source=rack-timeout id=4f70b8d864a5002336f1273c8ff4304f timeout=20000ms state=ready at=info
App 17923 stderr: I, [2017-08-24T19:20:24.181775 #18014]  INFO -- : source=rack-timeout id=4f70b8d864a5002336f1273c8ff4304f timeout=20000ms service=33ms state=completed
App 17923 stderr: 127.0.0.1 - - [24/Aug/2017:19:20:24 +0700] "HEAD / HTTP/1.1" 401 - 0.0170
[Thu Aug 24 08:20:28.792624 2017] [:error] [pid 17757] 2017-08-24 08:20:28,792 INFO 17757 [dd.dogapi] dog_stats_api.py:66 - Initializing dog api to use statsd: localhost, 8125
[Thu Aug 24 08:20:30.677163 2017] [:error] [pid 17757] 2017-08-24 08:20:30,677 INFO 17757 [tracking] logger.py:50 - {"username": "", "event_type": "/bitnami.css", "ip": "66.249.71.23", "agent": "Mozilla/5.0 (compatible; Googlebot/2.1; +http://www.google.com/bot.html)", "host": "www.uniqloxachtay.com", "referer": "http://www.uniqloxachtay.com/", "accept_language": "en-US", "event": "{\\"POST\\": {}, \\"GET\\": {}}", "event_source": "server", "context": {"user_id": null, "org_id": "", "course_id": "", "path": "/bitnami.css"}, "time": "2017-08-24T12:20:30.676728+00:00", "page": null}
[Thu Aug 24 19:24:15.397823 2017] [:warn] [pid 17758] mod_wsgi (pid=17758): Callback registration for signal 27 ignored.
[Thu Aug 24 19:24:15.398032 2017] [:warn] [pid 17758]   File "/opt/lms_edx/edx-ficus.3-3/apps/edx/edx-platform/lms/bitnami_wsgi.py", line 20, in <module>
[Thu Aug 24 19:24:15.398052 2017] [:warn] [pid 17758]     openedx.core.operations.install_memory_dumper()
[Thu Aug 24 19:24:15.398065 2017] [:warn] [pid 17758]   File "/opt/lms_edx/edx-ficus.3-3/apps/edx/edx-platform/openedx/core/operations.py", line 40, in install_memory_dumper
[Thu Aug 24 19:24:15.398076 2017] [:warn] [pid 17758]     signal.signal(dump_signal, dump_memory)
[Thu Aug 24 08:24:19.949114 2017] [:error] [pid 17758] 2017-08-24 08:24:19,948 INFO 17758 [dd.dogapi] dog_stats_api.py:66 - Initializing dog api to use statsd: localhost, 8125
[Thu Aug 24 08:24:21.272149 2017] [:error] [pid 17758] 2017-08-24 08:24:21,272 INFO 17758 [tracking] logger.py:50 - {"username": "", "event_type": "/", "ip": "117.6.95.7", "agent": "Mozilla/5.0 (X11; Linux x86_64) AppleWebKit/537.36 (KHTML, like Gecko) Chrome/60.0.3112.78 Safari/537.36", "host": "lms.wu.edu.vn", "referer": "", "accept_language": "en-US,en;q=0.8,vi;q=0.6", "event": "{\\"POST\\": {}, \\"GET\\": {}}", "event_source": "server", "context": {"user_id": null, "org_id": "", "course_id": "", "path": "/"}, "time": "2017-08-24T12:24:21.271741+00:00", "page": null}
[Thu Aug 24 08:24:27.023193 2017] [:error] [pid 17757] 2017-08-24 08:24:27,023 INFO 17757 [tracking] logger.py:50 - {"username": "", "event_type": "/", "ip": "117.6.95.7", "agent": "Mozilla/5.0 (X11; Linux x86_64) AppleWebKit/537.36 (KHTML, like Gecko) Chrome/60.0.3112.78 Safari/537.36", "host": "lms.wu.edu.vn", "referer": "", "accept_language": "en-US,en;q=0.8,vi;q=0.6", "event": "{\\"POST\\": {}, \\"GET\\": {}}", "event_source": "server", "context": {"user_id": null, "org_id": "", "course_id": "", "path": "/"}, "time": "2017-08-24T12:24:27.022802+00:00", "page": null}
[Thu Aug 24 08:24:46.499932 2017] [:error] [pid 17758] 2017-08-24 08:24:46,499 INFO 17758 [audit] models.py:1929 - Login success - user.id: 2
[Thu Aug 24 08:24:46.548286 2017] [:error] [pid 17757] 2017-08-24 08:24:46,548 INFO 17757 [tracking] logger.py:50 - {"username": "nhattx", "event_type": "/dashboard", "ip": "117.6.95.7", "agent": "Mozilla/5.0 (X11; Linux x86_64) AppleWebKit/537.36 (KHTML, like Gecko) Chrome/60.0.3112.78 Safari/537.36", "host": "lms.wu.edu.vn", "referer": "http://lms.wu.edu.vn/login", "accept_language": "en-US,en;q=0.8,vi;q=0.6", "event": "{\\"POST\\": {}, \\"GET\\": {}}", "event_source": "server", "context": {"user_id": 2, "org_id": "", "course_id": "", "path": "/dashboard"}, "time": "2017-08-24T12:24:46.547908+00:00", "page": null}
[Thu Aug 24 08:24:46.567365 2017] [:error] [pid 17757] 2017-08-24 08:24:46,566 WARNING 17757 [openedx.core.lib.edx_api_utils] edx_api_utils.py:42 - programs configuration is disabled.
[Thu Aug 24 08:24:51.184587 2017] [:error] [pid 17758] 2017-08-24 08:24:51,184 INFO 17758 [tracking] logger.py:50 - {"username": "nhattx", "event_type": "/courses", "ip": "117.6.95.7", "agent": "Mozilla/5.0 (X11; Linux x86_64) AppleWebKit/537.36 (KHTML, like Gecko) Chrome/60.0.3112.78 Safari/537.36", "host": "lms.wu.edu.vn", "referer": "http://lms.wu.edu.vn/dashboard", "accept_language": "en-US,en;q=0.8,vi;q=0.6", "event": "{\\"POST\\": {}, \\"GET\\": {}}", "event_source": "server", "context": {"user_id": 2, "org_id": "", "course_id": "", "path": "/courses"}, "time": "2017-08-24T12:24:51.184179+00:00", "page": null}
[Thu Aug 24 08:24:53.179761 2017] [:error] [pid 17758] 2017-08-24 08:24:53,179 INFO 17758 [tracking] logger.py:50 - {"username": "nhattx", "event_type": "/courses/course-v1:edX+DemoX+Demo_Course/about", "ip": "117.6.95.7", "agent": "Mozilla/5.0 (X11; Linux x86_64) AppleWebKit/537.36 (KHTML, like Gecko) Chrome/60.0.3112.78 Safari/537.36", "host": "lms.wu.edu.vn", "referer": "http://lms.wu.edu.vn/courses", "accept_language": "en-US,en;q=0.8,vi;q=0.6", "event": "{\\"POST\\": {}, \\"GET\\": {}}", "event_source": "server", "context": {"course_user_tags": {}, "user_id": 2, "org_id": "edX", "course_id": "course-v1:edX+DemoX+Demo_Course", "path": "/courses/course-v1:edX+DemoX+Demo_Course/about"}, "time": "2017-08-24T12:24:53.179345+00:00", "page": null}
[Thu Aug 24 08:24:55.133457 2017] [:error] [pid 17757] 2017-08-24 08:24:55,133 INFO 17757 [tracking] logger.py:50 - {"username": "nhattx", "event_type": "/change_enrollment", "ip": "117.6.95.7", "agent": "Mozilla/5.0 (X11; Linux x86_64) AppleWebKit/537.36 (KHTML, like Gecko) Chrome/60.0.3112.78 Safari/537.36", "host": "lms.wu.edu.vn", "referer": "http://lms.wu.edu.vn/courses/course-v1:edX+DemoX+Demo_Course/about", "accept_language": "en-US,en;q=0.8,vi;q=0.6", "event": "{\\"POST\\": {\\"course_id\\": [\\"course-v1:edX+DemoX+Demo_Course\\"], \\"enrollment_action\\": [\\"enroll\\"]}, \\"GET\\": {}}", "event_source": "server", "context": {"user_id": 2, "org_id": "", "course_id": "", "path": "/change_enrollment"}, "time": "2017-08-24T12:24:55.132992+00:00", "page": null}
[Thu Aug 24 08:24:55.179429 2017] [:error] [pid 17757] 2017-08-24 08:24:55,179 INFO 17757 [tracking] logger.py:42 - {"username": "nhattx", "event_source": "server", "name": "edx.course.enrollment.activated", "accept_language": "en-US,en;q=0.8,vi;q=0.6", "time": "2017-08-24T12:24:55.179099+00:00", "agent": "Mozilla/5.0 (X11; Linux x86_64) AppleWebKit/537.36 (KHTML, like Gecko) Chrome/60.0.3112.78 Safari/537.36", "page": null, "host": "lms.wu.edu.vn", "session": "aa28afc7f3bfa2624efb82204b600c9b", "referer": "http://lms.wu.edu.vn/courses/course-v1:edX+DemoX+Demo_Course/about", "context": {"user_id": 2, "org_id": "edX", "course_id": "course-v1:edX+DemoX+Demo_Course", "path": "/change_enrollment"}, "ip": "117.6.95.7", "event": {"course_id": "course-v1:edX+DemoX+Demo_Course", "user_id": 2, "mode": "audit"}, "event_type": "edx.course.enrollment.activated"}
[Thu Aug 24 08:24:55.212414 2017] [:error] [pid 17758] 2017-08-24 08:24:55,212 INFO 17758 [tracking] logger.py:50 - {"username": "nhattx", "event_type": "/dashboard", "ip": "117.6.95.7", "agent": "Mozilla/5.0 (X11; Linux x86_64) AppleWebKit/537.36 (KHTML, like Gecko) Chrome/60.0.3112.78 Safari/537.36", "host": "lms.wu.edu.vn", "referer": "http://lms.wu.edu.vn/courses/course-v1:edX+DemoX+Demo_Course/about", "accept_language": "en-US,en;q=0.8,vi;q=0.6", "event": "{\\"POST\\": {}, \\"GET\\": {}}", "event_source": "server", "context": {"user_id": 2, "org_id": "", "course_id": "", "path": "/dashboard"}, "time": "2017-08-24T12:24:55.212014+00:00", "page": null}
[Thu Aug 24 08:24:55.234445 2017] [:error] [pid 17758] 2017-08-24 08:24:55,234 WARNING 17758 [openedx.core.lib.edx_api_utils] edx_api_utils.py:42 - programs configuration is disabled.
[Thu Aug 24 08:24:58.084129 2017] [:error] [pid 17758] 2017-08-24 08:24:58,084 INFO 17758 [tracking] logger.py:50 - {"username": "nhattx", "event_type": "/courses/course-v1:edX+DemoX+Demo_Course/info", "ip": "117.6.95.7", "agent": "Mozilla/5.0 (X11; Linux x86_64) AppleWebKit/537.36 (KHTML, like Gecko) Chrome/60.0.3112.78 Safari/537.36", "host": "lms.wu.edu.vn", "referer": "http://lms.wu.edu.vn/dashboard", "accept_language": "en-US,en;q=0.8,vi;q=0.6", "event": "{\\"POST\\": {}, \\"GET\\": {}}", "event_source": "server", "context": {"course_user_tags": {}, "user_id": 2, "org_id": "edX", "course_id": "course-v1:edX+DemoX+Demo_Course", "path": "/courses/course-v1:edX+DemoX+Demo_Course/info"}, "time": "2017-08-24T12:24:58.083705+00:00", "page": null}
[Thu Aug 24 08:25:00.798965 2017] [:error] [pid 17757] 2017-08-24 08:25:00,798 INFO 17757 [tracking] logger.py:50 - {"username": "nhattx", "event_type": "/courses/course-v1:edX+DemoX+Demo_Course/instructor", "ip": "117.6.95.7", "agent": "Mozilla/5.0 (X11; Linux x86_64) AppleWebKit/537.36 (KHTML, like Gecko) Chrome/60.0.3112.78 Safari/537.36", "host": "lms.wu.edu.vn", "referer": "http://lms.wu.edu.vn/courses/course-v1:edX+DemoX+Demo_Course/info", "accept_language": "en-US,en;q=0.8,vi;q=0.6", "event": "{\\"POST\\": {}, \\"GET\\": {}}", "event_source": "server", "context": {"course_user_tags": {}, "user_id": 2, "org_id": "edX", "course_id": "course-v1:edX+DemoX+Demo_Course", "path": "/courses/course-v1:edX+DemoX+Demo_Course/instructor"}, "time": "2017-08-24T12:25:00.798582+00:00", "page": null}
[Thu Aug 24 08:25:02.061857 2017] [:error] [pid 17757] 2017-08-24 08:25:02,061 INFO 17757 [tracking] logger.py:50 - {"username": "nhattx", "event_type": "/courses/course-v1:edX+DemoX+Demo_Course/cohorts/", "ip": "117.6.95.7", "agent": "Mozilla/5.0 (X11; Linux x86_64) AppleWebKit/537.36 (KHTML, like Gecko) Chrome/60.0.3112.78 Safari/537.36", "host": "lms.wu.edu.vn", "referer": "http://lms.wu.edu.vn/courses/course-v1:edX+DemoX+Demo_Course/instructor", "accept_language": "en-US,en;q=0.8,vi;q=0.6", "event": "{\\"POST\\": {}, \\"GET\\": {}}", "event_source": "server", "context": {"course_user_tags": {}, "user_id": 2, "org_id": "edX", "course_id": "course-v1:edX+DemoX+Demo_Course", "path": "/courses/course-v1:edX+DemoX+Demo_Course/cohorts/"}, "time": "2017-08-24T12:25:02.061451+00:00", "page": null}
[Thu Aug 24 08:25:02.078607 2017] [:error] [pid 17758] 2017-08-24 08:25:02,078 INFO 17758 [tracking] logger.py:50 - {"username": "nhattx", "event_type": "/courses/course-v1:edX+DemoX+Demo_Course/instructor/api/list_instructor_tasks", "ip": "117.6.95.7", "agent": "Mozilla/5.0 (X11; Linux x86_64) AppleWebKit/537.36 (KHTML, like Gecko) Chrome/60.0.3112.78 Safari/537.36", "host": "lms.wu.edu.vn", "referer": "http://lms.wu.edu.vn/courses/course-v1:edX+DemoX+Demo_Course/instructor", "accept_language": "en-US,en;q=0.8,vi;q=0.6", "event": "{\\"POST\\": {}, \\"GET\\": {}}", "event_source": "server", "context": {"course_user_tags": {}, "user_id": 2, "org_id": "edX", "course_id": "course-v1:edX+DemoX+Demo_Course", "path": "/courses/course-v1:edX+DemoX+Demo_Course/instructor/api/list_instructor_tasks"}, "time": "2017-08-24T12:25:02.078191+00:00", "page": null}
[Thu Aug 24 08:25:02.086707 2017] [:error] [pid 17757] 2017-08-24 08:25:02,086 INFO 17757 [tracking] logger.py:50 - {"username": "nhattx", "event_type": "/courses/course-v1:edX+DemoX+Demo_Course/instructor/api/list_instructor_tasks", "ip": "117.6.95.7", "agent": "Mozilla/5.0 (X11; Linux x86_64) AppleWebKit/537.36 (KHTML, like Gecko) Chrome/60.0.3112.78 Safari/537.36", "host": "lms.wu.edu.vn", "referer": "http://lms.wu.edu.vn/courses/course-v1:edX+DemoX+Demo_Course/instructor", "accept_language": "en-US,en;q=0.8,vi;q=0.6", "event": "{\\"POST\\": {}, \\"GET\\": {}}", "event_source": "server", "context": {"course_user_tags": {}, "user_id": 2, "org_id": "edX", "course_id": "course-v1:edX+DemoX+Demo_Course", "path": "/courses/course-v1:edX+DemoX+Demo_Course/instructor/api/list_instructor_tasks"}, "time": "2017-08-24T12:25:02.086363+00:00", "page": null}
[Thu Aug 24 08:25:02.135915 2017] [:error] [pid 17758] 2017-08-24 08:25:02,135 INFO 17758 [tracking] logger.py:50 - {"username": "nhattx", "event_type": "/courses/course-v1:edX+DemoX+Demo_Course/instructor/api/list_course_role_members", "ip": "117.6.95.7", "agent": "Mozilla/5.0 (X11; Linux x86_64) AppleWebKit/537.36 (KHTML, like Gecko) Chrome/60.0.3112.78 Safari/537.36", "host": "lms.wu.edu.vn", "referer": "http://lms.wu.edu.vn/courses/course-v1:edX+DemoX+Demo_Course/instructor", "accept_language": "en-US,en;q=0.8,vi;q=0.6", "event": "{\\"POST\\": {\\"rolename\\": [\\"staff\\"]}, \\"GET\\": {}}", "event_source": "server", "context": {"course_user_tags": {}, "user_id": 2, "org_id": "edX", "course_id": "course-v1:edX+DemoX+Demo_Course", "path": "/courses/course-v1:edX+DemoX+Demo_Course/instructor/api/list_course_role_members"}, "time": "2017-08-24T12:25:02.134616+00:00", "page": null}
[Thu Aug 24 08:25:02.212529 2017] [:error] [pid 17757] 2017-08-24 08:25:02,212 INFO 17757 [tracking] logger.py:50 - {"username": "nhattx", "event_type": "/courses/course-v1:edX+DemoX+Demo_Course/instructor/api/list_course_role_members", "ip": "117.6.95.7", "agent": "Mozilla/5.0 (X11; Linux x86_64) AppleWebKit/537.36 (KHTML, like Gecko) Chrome/60.0.3112.78 Safari/537.36", "host": "lms.wu.edu.vn", "referer": "http://lms.wu.edu.vn/courses/course-v1:edX+DemoX+Demo_Course/instructor", "accept_language": "en-US,en;q=0.8,vi;q=0.6", "event": "{\\"POST\\": {\\"rolename\\": [\\"instructor\\"]}, \\"GET\\": {}}", "event_source": "server", "context": {"course_user_tags": {}, "user_id": 2, "org_id": "edX", "course_id": "course-v1:edX+DemoX+Demo_Course", "path": "/courses/course-v1:edX+DemoX+Demo_Course/instructor/api/list_course_role_members"}, "time": "2017-08-24T12:25:02.211685+00:00", "page": null}
[Thu Aug 24 08:25:02.222843 2017] [:error] [pid 17757] 2017-08-24 08:25:02,222 INFO 17757 [tracking] logger.py:50 - {"username": "nhattx", "event_type": "/courses/course-v1:edX+DemoX+Demo_Course/instructor/api/list_course_role_members", "ip": "117.6.95.7", "agent": "Mozilla/5.0 (X11; Linux x86_64) AppleWebKit/537.36 (KHTML, like Gecko) Chrome/60.0.3112.78 Safari/537.36", "host": "lms.wu.edu.vn", "referer": "http://lms.wu.edu.vn/courses/course-v1:edX+DemoX+Demo_Course/instructor", "accept_language": "en-US,en;q=0.8,vi;q=0.6", "event": "{\\"POST\\": {\\"rolename\\": [\\"beta\\"]}, \\"GET\\": {}}", "event_source": "server", "context": {"course_user_tags": {}, "user_id": 2, "org_id": "edX", "course_id": "course-v1:edX+DemoX+Demo_Course", "path": "/courses/course-v1:edX+DemoX+Demo_Course/instructor/api/list_course_role_members"}, "time": "2017-08-24T12:25:02.222258+00:00", "page": null}
[Thu Aug 24 08:25:02.239803 2017] [:error] [pid 17758] 2017-08-24 08:25:02,239 INFO 17758 [tracking] logger.py:50 - {"username": "nhattx", "event_type": "/courses/course-v1:edX+DemoX+Demo_Course/instructor/api/list_forum_members", "ip": "117.6.95.7", "agent": "Mozilla/5.0 (X11; Linux x86_64) AppleWebKit/537.36 (KHTML, like Gecko) Chrome/60.0.3112.78 Safari/537.36", "host": "lms.wu.edu.vn", "referer": "http://lms.wu.edu.vn/courses/course-v1:edX+DemoX+Demo_Course/instructor", "accept_language": "en-US,en;q=0.8,vi;q=0.6", "event": "{\\"POST\\": {\\"rolename\\": [\\"Administrator\\"]}, \\"GET\\": {}}", "event_source": "server", "context": {"course_user_tags": {}, "user_id": 2, "org_id": "edX", "course_id": "course-v1:edX+DemoX+Demo_Course", "path": "/courses/course-v1:edX+DemoX+Demo_Course/instructor/api/list_forum_members"}, "time": "2017-08-24T12:25:02.239070+00:00", "page": null}
[Thu Aug 24 08:25:02.311992 2017] [:error] [pid 17757] 2017-08-24 08:25:02,310 INFO 17757 [tracking] logger.py:50 - {"username": "nhattx", "event_type": "/courses/course-v1:edX+DemoX+Demo_Course/instructor/api/list_forum_members", "ip": "117.6.95.7", "agent": "Mozilla/5.0 (X11; Linux x86_64) AppleWebKit/537.36 (KHTML, like Gecko) Chrome/60.0.3112.78 Safari/537.36", "host": "lms.wu.edu.vn", "referer": "http://lms.wu.edu.vn/courses/course-v1:edX+DemoX+Demo_Course/instructor", "accept_language": "en-US,en;q=0.8,vi;q=0.6", "event": "{\\"POST\\": {\\"rolename\\": [\\"Moderator\\"]}, \\"GET\\": {}}", "event_source": "server", "context": {"course_user_tags": {}, "user_id": 2, "org_id": "edX", "course_id": "course-v1:edX+DemoX+Demo_Course", "path": "/courses/course-v1:edX+DemoX+Demo_Course/instructor/api/list_forum_members"}, "time": "2017-08-24T12:25:02.308368+00:00", "page": null}
[Thu Aug 24 08:25:02.414459 2017] [:error] [pid 17757] 2017-08-24 08:25:02,414 INFO 17757 [tracking] logger.py:50 - {"username": "nhattx", "event_type": "/courses/course-v1:edX+DemoX+Demo_Course/instructor/api/list_forum_members", "ip": "117.6.95.7", "agent": "Mozilla/5.0 (X11; Linux x86_64) AppleWebKit/537.36 (KHTML, like Gecko) Chrome/60.0.3112.78 Safari/537.36", "host": "lms.wu.edu.vn", "referer": "http://lms.wu.edu.vn/courses/course-v1:edX+DemoX+Demo_Course/instructor", "accept_language": "en-US,en;q=0.8,vi;q=0.6", "event": "{\\"POST\\": {\\"rolename\\": [\\"Community TA\\"]}, \\"GET\\": {}}", "event_source": "server", "context": {"course_user_tags": {}, "user_id": 2, "org_id": "edX", "course_id": "course-v1:edX+DemoX+Demo_Course", "path": "/courses/course-v1:edX+DemoX+Demo_Course/instructor/api/list_forum_members"}, "time": "2017-08-24T12:25:02.410959+00:00", "page": null}
[Thu Aug 24 08:25:02.432936 2017] [:error] [pid 17758] 2017-08-24 08:25:02,432 INFO 17758 [tracking] logger.py:50 - {"username": "nhattx", "event_type": "/courses/course-v1:edX+DemoX+Demo_Course/instructor/api/list_course_role_members", "ip": "117.6.95.7", "agent": "Mozilla/5.0 (X11; Linux x86_64) AppleWebKit/537.36 (KHTML, like Gecko) Chrome/60.0.3112.78 Safari/537.36", "host": "lms.wu.edu.vn", "referer": "http://lms.wu.edu.vn/courses/course-v1:edX+DemoX+Demo_Course/instructor", "accept_language": "en-US,en;q=0.8,vi;q=0.6", "event": "{\\"POST\\": {\\"rolename\\": [\\"staff\\"]}, \\"GET\\": {}}", "event_source": "server", "context": {"course_user_tags": {}, "user_id": 2, "org_id": "edX", "course_id": "course-v1:edX+DemoX+Demo_Course", "path": "/courses/course-v1:edX+DemoX+Demo_Course/instructor/api/list_course_role_members"}, "time": "2017-08-24T12:25:02.432357+00:00", "page": null}
[Thu Aug 24 08:25:02.538393 2017] [:error] [pid 17758] 2017-08-24 08:25:02,538 INFO 17758 [tracking] logger.py:50 - {"username": "nhattx", "event_type": "/courses/course-v1:edX+DemoX+Demo_Course/instructor/api/list_instructor_tasks", "ip": "117.6.95.7", "agent": "Mozilla/5.0 (X11; Linux x86_64) AppleWebKit/537.36 (KHTML, like Gecko) Chrome/60.0.3112.78 Safari/537.36", "host": "lms.wu.edu.vn", "referer": "http://lms.wu.edu.vn/courses/course-v1:edX+DemoX+Demo_Course/instructor", "accept_language": "en-US,en;q=0.8,vi;q=0.6", "event": "{\\"POST\\": {}, \\"GET\\": {}}", "event_source": "server", "context": {"course_user_tags": {}, "user_id": 2, "org_id": "edX", "course_id": "course-v1:edX+DemoX+Demo_Course", "path": "/courses/course-v1:edX+DemoX+Demo_Course/instructor/api/list_instructor_tasks"}, "time": "2017-08-24T12:25:02.537987+00:00", "page": null}
[Thu Aug 24 08:25:02.569595 2017] [:error] [pid 17757] 2017-08-24 08:25:02,569 INFO 17757 [tracking] logger.py:50 - {"username": "nhattx", "event_type": "/courses/course-v1:edX+DemoX+Demo_Course/instructor/api/list_instructor_tasks", "ip": "117.6.95.7", "agent": "Mozilla/5.0 (X11; Linux x86_64) AppleWebKit/537.36 (KHTML, like Gecko) Chrome/60.0.3112.78 Safari/537.36", "host": "lms.wu.edu.vn", "referer": "http://lms.wu.edu.vn/courses/course-v1:edX+DemoX+Demo_Course/instructor", "accept_language": "en-US,en;q=0.8,vi;q=0.6", "event": "{\\"POST\\": {}, \\"GET\\": {}}", "event_source": "server", "context": {"course_user_tags": {}, "user_id": 2, "org_id": "edX", "course_id": "course-v1:edX+DemoX+Demo_Course", "path": "/courses/course-v1:edX+DemoX+Demo_Course/instructor/api/list_instructor_tasks"}, "time": "2017-08-24T12:25:02.560068+00:00", "page": null}
[Thu Aug 24 08:25:02.602303 2017] [:error] [pid 17757] 2017-08-24 08:25:02,602 INFO 17757 [tracking] logger.py:50 - {"username": "nhattx", "event_type": "/courses/course-v1:edX+DemoX+Demo_Course/cohorts/settings", "ip": "117.6.95.7", "agent": "Mozilla/5.0 (X11; Linux x86_64) AppleWebKit/537.36 (KHTML, like Gecko) Chrome/60.0.3112.78 Safari/537.36", "host": "lms.wu.edu.vn", "referer": "http://lms.wu.edu.vn/courses/course-v1:edX+DemoX+Demo_Course/instructor", "accept_language": "en-US,en;q=0.8,vi;q=0.6", "event": "{\\"POST\\": {}, \\"GET\\": {}}", "event_source": "server", "context": {"course_user_tags": {}, "user_id": 2, "org_id": "edX", "course_id": "course-v1:edX+DemoX+Demo_Course", "path": "/courses/course-v1:edX+DemoX+Demo_Course/cohorts/settings"}, "time": "2017-08-24T12:25:02.601623+00:00", "page": null}
[Thu Aug 24 08:25:02.801310 2017] [:error] [pid 17758] 2017-08-24 08:25:02,801 INFO 17758 [tracking] logger.py:50 - {"username": "nhattx", "event_type": "/courses/course-v1:edX+DemoX+Demo_Course/cohorts/topics", "ip": "117.6.95.7", "agent": "Mozilla/5.0 (X11; Linux x86_64) AppleWebKit/537.36 (KHTML, like Gecko) Chrome/60.0.3112.78 Safari/537.36", "host": "lms.wu.edu.vn", "referer": "http://lms.wu.edu.vn/courses/course-v1:edX+DemoX+Demo_Course/instructor", "accept_language": "en-US,en;q=0.8,vi;q=0.6", "event": "{\\"POST\\": {}, \\"GET\\": {}}", "event_source": "server", "context": {"course_user_tags": {}, "user_id": 2, "org_id": "edX", "course_id": "course-v1:edX+DemoX+Demo_Course", "path": "/courses/course-v1:edX+DemoX+Demo_Course/cohorts/topics"}, "time": "2017-08-24T12:25:02.800913+00:00", "page": null}
[Thu Aug 24 08:25:03.131849 2017] [:error] [pid 17757] 2017-08-24 08:25:03,131 INFO 17757 [tracking] logger.py:50 - {"username": "nhattx", "event_type": "/courses/course-v1:edX+DemoX+Demo_Course/verified_track_content/settings", "ip": "117.6.95.7", "agent": "Mozilla/5.0 (X11; Linux x86_64) AppleWebKit/537.36 (KHTML, like Gecko) Chrome/60.0.3112.78 Safari/537.36", "host": "lms.wu.edu.vn", "referer": "http://lms.wu.edu.vn/courses/course-v1:edX+DemoX+Demo_Course/instructor", "accept_language": "en-US,en;q=0.8,vi;q=0.6", "event": "{\\"POST\\": {}, \\"GET\\": {}}", "event_source": "server", "context": {"course_user_tags": {}, "user_id": 2, "org_id": "edX", "course_id": "course-v1:edX+DemoX+Demo_Course", "path": "/courses/course-v1:edX+DemoX+Demo_Course/verified_track_content/settings"}, "time": "2017-08-24T12:25:03.131460+00:00", "page": null}
[Thu Aug 24 08:25:03.472765 2017] [:error] [pid 17758] 2017-08-24 08:25:03,472 INFO 17758 [tracking] logger.py:50 - {"username": "nhattx", "event_type": "/courses/course-v1:edX+DemoX+Demo_Course/info", "ip": "117.6.95.7", "agent": "Mozilla/5.0 (X11; Linux x86_64) AppleWebKit/537.36 (KHTML, like Gecko) Chrome/60.0.3112.78 Safari/537.36", "host": "lms.wu.edu.vn", "referer": "http://lms.wu.edu.vn/courses/course-v1:edX+DemoX+Demo_Course/instructor", "accept_language": "en-US,en;q=0.8,vi;q=0.6", "event": "{\\"POST\\": {}, \\"GET\\": {}}", "event_source": "server", "context": {"course_user_tags": {}, "user_id": 2, "org_id": "edX", "course_id": "course-v1:edX+DemoX+Demo_Course", "path": "/courses/course-v1:edX+DemoX+Demo_Course/info"}, "time": "2017-08-24T12:25:03.472370+00:00", "page": null}
[Thu Aug 24 08:25:05.463781 2017] [:error] [pid 17757] 2017-08-24 08:25:05,463 INFO 17757 [tracking] logger.py:50 - {"username": "nhattx", "event_type": "/courses/course-v1:edX+DemoX+Demo_Course/courseware", "ip": "117.6.95.7", "agent": "Mozilla/5.0 (X11; Linux x86_64) AppleWebKit/537.36 (KHTML, like Gecko) Chrome/60.0.3112.78 Safari/537.36", "host": "lms.wu.edu.vn", "referer": "http://lms.wu.edu.vn/courses/course-v1:edX+DemoX+Demo_Course/info", "accept_language": "en-US,en;q=0.8,vi;q=0.6", "event": "{\\"POST\\": {}, \\"GET\\": {}}", "event_source": "server", "context": {"course_user_tags": {}, "user_id": 2, "org_id": "edX", "course_id": "course-v1:edX+DemoX+Demo_Course", "path": "/courses/course-v1:edX+DemoX+Demo_Course/courseware"}, "time": "2017-08-24T12:25:05.463371+00:00", "page": null}
[Thu Aug 24 08:25:05.645823 2017] [:error] [pid 17758] 2017-08-24 08:25:05,645 INFO 17758 [tracking] logger.py:50 - {"username": "nhattx", "event_type": "/courses/course-v1:edX+DemoX+Demo_Course/courseware/d8a6192ade314473a78242dfeedfbf5b/edx_introduction/", "ip": "117.6.95.7", "agent": "Mozilla/5.0 (X11; Linux x86_64) AppleWebKit/537.36 (KHTML, like Gecko) Chrome/60.0.3112.78 Safari/537.36", "host": "lms.wu.edu.vn", "referer": "http://lms.wu.edu.vn/courses/course-v1:edX+DemoX+Demo_Course/info", "accept_language": "en-US,en;q=0.8,vi;q=0.6", "event": "{\\"POST\\": {}, \\"GET\\": {}}", "event_source": "server", "context": {"course_user_tags": {}, "user_id": 2, "org_id": "edX", "course_id": "course-v1:edX+DemoX+Demo_Course", "path": "/courses/course-v1:edX+DemoX+Demo_Course/courseware/d8a6192ade314473a78242dfeedfbf5b/edx_introduction/"}, "time": "2017-08-24T12:25:05.645416+00:00", "page": null}
[Thu Aug 24 08:25:07.680711 2017] [:error] [pid 17757] 2017-08-24 08:25:07,680 INFO 17757 [tracking] logger.py:50 - {"username": "nhattx", "event_type": "/courses/course-v1:edX+DemoX+Demo_Course/xblock/block-v1:edX+DemoX+Demo_Course+type@video+block@0b9e39477cf34507a7a48f74be381fdd/handler/transcript/translation/en", "ip": "117.6.95.7", "agent": "Mozilla/5.0 (X11; Linux x86_64) AppleWebKit/537.36 (KHTML, like Gecko) Chrome/60.0.3112.78 Safari/537.36", "host": "lms.wu.edu.vn", "referer": "http://lms.wu.edu.vn/courses/course-v1:edX+DemoX+Demo_Course/courseware/d8a6192ade314473a78242dfeedfbf5b/edx_introduction/", "accept_language": "en-US,en;q=0.8,vi;q=0.6", "event": "{\\"POST\\": {}, \\"GET\\": {\\"videoId\\": [\\"b7xgknqkQk8\\"]}}", "event_source": "server", "context": {"course_user_tags": {}, "user_id": 2, "org_id": "edX", "course_id": "course-v1:edX+DemoX+Demo_Course", "path": "/courses/course-v1:edX+DemoX+Demo_Course/xblock/block-v1:edX+DemoX+Demo_Course+type@video+block@0b9e39477cf34507a7a48f74be381fdd/handler/transcript/translation/en"}, "time": "2017-08-24T12:25:07.680282+00:00", "page": null}
[Thu Aug 24 08:25:08.351138 2017] [:error] [pid 17758] 2017-08-24 08:25:08,351 INFO 17758 [tracking] logger.py:42 - {"username": "nhattx", "event_source": "browser", "name": "edx.ui.lms.link_clicked", "accept_language": "en-US,en;q=0.8,vi;q=0.6", "time": "2017-08-24T12:25:08.350791+00:00", "agent": "Mozilla/5.0 (X11; Linux x86_64) AppleWebKit/537.36 (KHTML, like Gecko) Chrome/60.0.3112.78 Safari/537.36", "page": "http://lms.wu.edu.vn/courses/course-v1:edX+DemoX+Demo_Course/courseware/d8a6192ade314473a78242dfeedfbf5b/edx_introduction/", "host": "lms.wu.edu.vn", "session": "aa28afc7f3bfa2624efb82204b600c9b", "referer": "http://lms.wu.edu.vn/courses/course-v1:edX+DemoX+Demo_Course/courseware/d8a6192ade314473a78242dfeedfbf5b/edx_introduction/", "context": {"user_id": 2, "org_id": "edX", "course_id": "course-v1:edX+DemoX+Demo_Course", "path": "/event"}, "ip": "117.6.95.7", "event": "{\\"target_url\\": \\"http://lms.wu.edu.vn:18010/container/block-v1:edX+DemoX+Demo_Course+type@vertical+block@vertical_0270f6de40fc\\", \\"current_url\\": \\"http://lms.wu.edu.vn/courses/course-v1:edX+DemoX+Demo_Course/courseware/d8a6192ade314473a78242dfeedfbf5b/edx_introduction/\\"}", "event_type": "edx.ui.lms.link_clicked"}
[Thu Aug 24 19:25:08.761712 2017] [:warn] [pid 17760] mod_wsgi (pid=17760): Callback registration for signal 27 ignored.
[Thu Aug 24 19:25:08.761916 2017] [:warn] [pid 17760]   File "/opt/lms_edx/edx-ficus.3-3/apps/edx/edx-platform/cms/bitnami_wsgi.py", line 10, in <module>
[Thu Aug 24 19:25:08.761936 2017] [:warn] [pid 17760]     openedx.core.operations.install_memory_dumper()
[Thu Aug 24 19:25:08.761949 2017] [:warn] [pid 17760]   File "/opt/lms_edx/edx-ficus.3-3/apps/edx/edx-platform/openedx/core/operations.py", line 40, in install_memory_dumper
[Thu Aug 24 19:25:08.761960 2017] [:warn] [pid 17760]     signal.signal(dump_signal, dump_memory)
[Thu Aug 24 08:25:09.155291 2017] [:error] [pid 17758] 2017-08-24 08:25:09,155 INFO 17758 [tracking] logger.py:42 - {"username": "nhattx", "event_source": "browser", "name": "load_video", "accept_language": "en-US,en;q=0.8,vi;q=0.6", "time": "2017-08-24T12:25:09.154930+00:00", "agent": "Mozilla/5.0 (X11; Linux x86_64) AppleWebKit/537.36 (KHTML, like Gecko) Chrome/60.0.3112.78 Safari/537.36", "page": "http://lms.wu.edu.vn/courses/course-v1:edX+DemoX+Demo_Course/courseware/d8a6192ade314473a78242dfeedfbf5b/edx_introduction/", "host": "lms.wu.edu.vn", "session": "aa28afc7f3bfa2624efb82204b600c9b", "referer": "http://lms.wu.edu.vn/courses/course-v1:edX+DemoX+Demo_Course/courseware/d8a6192ade314473a78242dfeedfbf5b/edx_introduction/", "context": {"user_id": 2, "org_id": "edX", "course_id": "course-v1:edX+DemoX+Demo_Course", "path": "/event"}, "ip": "117.6.95.7", "event": "{\\"code\\": \\"b7xgknqkQk8\\", \\"id\\": \\"0b9e39477cf34507a7a48f74be381fdd\\"}", "event_type": "load_video"}
[Thu Aug 24 08:25:11.763954 2017] [:error] [pid 17757] 2017-08-24 08:25:11,763 INFO 17757 [tracking] logger.py:50 - {"username": "", "event_type": "/thay-man-hinh-cam-ung-htc-pg58100-1-1-996698.html", "ip": "66.249.71.72", "agent": "Mozilla/5.0 (compatible; Googlebot/2.1; +http://www.google.com/bot.html)", "host": "kingmobile.vn", "referer": "", "accept_language": "", "event": "{\\"POST\\": {}, \\"GET\\": {}}", "event_source": "server", "context": {"user_id": null, "org_id": "", "course_id": "", "path": "/thay-man-hinh-cam-ung-htc-pg58100-1-1-996698.html"}, "time": "2017-08-24T12:25:11.763462+00:00", "page": null}
[Thu Aug 24 08:25:14.082134 2017] [:error] [pid 17760] 2017-08-24 08:25:14,081 WARNING 17760 [py.warnings] base.py:116 - /opt/lms_edx/edx-ficus.3-3/apps/edx/venvs/edxapp/lib/python2.7/site-packages/enterprise/models.py:49: RemovedInDjango19Warning: Model class enterprise.models.EnterpriseCustomer doesn't declare an explicit app_label and either isn't in an application in INSTALLED_APPS or else was imported before its application was loaded. This will no longer be supported in Django 1.9.
[Thu Aug 24 08:25:14.082193 2017] [:error] [pid 17760]   class EnterpriseCustomer(TimeStampedModel):
[Thu Aug 24 08:25:14.082211 2017] [:error] [pid 17760] 
[Thu Aug 24 08:25:14.084905 2017] [:error] [pid 17760] 2017-08-24 08:25:14,084 WARNING 17760 [py.warnings] base.py:116 - /opt/lms_edx/edx-ficus.3-3/apps/edx/venvs/edxapp/lib/python2.7/site-packages/simple_history/models.py:123: RemovedInDjango19Warning: Model class enterprise.models.HistoricalEnterpriseCustomer doesn't declare an explicit app_label and either isn't in an application in INSTALLED_APPS or else was imported before its application was loaded. This will no longer be supported in Django 1.9.
[Thu Aug 24 08:25:14.084927 2017] [:error] [pid 17760]   type(str(name), self.bases, attrs))
[Thu Aug 24 08:25:14.084933 2017] [:error] [pid 17760] 
[Thu Aug 24 08:25:14.089151 2017] [:error] [pid 17760] 2017-08-24 08:25:14,089 WARNING 17760 [py.warnings] base.py:116 - /opt/lms_edx/edx-ficus.3-3/apps/edx/venvs/edxapp/lib/python2.7/site-packages/enterprise/models.py:219: RemovedInDjango19Warning: Model class enterprise.models.EnterpriseCustomerUser doesn't declare an explicit app_label and either isn't in an application in INSTALLED_APPS or else was imported before its application was loaded. This will no longer be supported in Django 1.9.
[Thu Aug 24 08:25:14.089172 2017] [:error] [pid 17760]   class EnterpriseCustomerUser(TimeStampedModel):
[Thu Aug 24 08:25:14.089178 2017] [:error] [pid 17760] 
[Thu Aug 24 08:25:14.091969 2017] [:error] [pid 17760] 2017-08-24 08:25:14,091 WARNING 17760 [py.warnings] base.py:116 - /opt/lms_edx/edx-ficus.3-3/apps/edx/venvs/edxapp/lib/python2.7/site-packages/enterprise/models.py:278: RemovedInDjango19Warning: Model class enterprise.models.PendingEnterpriseCustomerUser doesn't declare an explicit app_label and either isn't in an application in INSTALLED_APPS or else was imported before its application was loaded. This will no longer be supported in Django 1.9.
[Thu Aug 24 08:25:14.091990 2017] [:error] [pid 17760]   class PendingEnterpriseCustomerUser(TimeStampedModel):
[Thu Aug 24 08:25:14.091996 2017] [:error] [pid 17760] 
[Thu Aug 24 08:25:14.094785 2017] [:error] [pid 17760] 2017-08-24 08:25:14,094 WARNING 17760 [py.warnings] base.py:116 - /opt/lms_edx/edx-ficus.3-3/apps/edx/venvs/edxapp/lib/python2.7/site-packages/enterprise/models.py:327: RemovedInDjango19Warning: Model class enterprise.models.EnterpriseCustomerBrandingConfiguration doesn't declare an explicit app_label and either isn't in an application in INSTALLED_APPS or else was imported before its application was loaded. This will no longer be supported in Django 1.9.
[Thu Aug 24 08:25:14.094806 2017] [:error] [pid 17760]   class EnterpriseCustomerBrandingConfiguration(TimeStampedModel):
[Thu Aug 24 08:25:14.094812 2017] [:error] [pid 17760] 
[Thu Aug 24 08:25:14.097527 2017] [:error] [pid 17760] 2017-08-24 08:25:14,097 WARNING 17760 [py.warnings] base.py:116 - /opt/lms_edx/edx-ficus.3-3/apps/edx/venvs/edxapp/lib/python2.7/site-packages/enterprise/models.py:382: RemovedInDjango19Warning: Model class enterprise.models.EnterpriseCustomerIdentityProvider doesn't declare an explicit app_label and either isn't in an application in INSTALLED_APPS or else was imported before its application was loaded. This will no longer be supported in Django 1.9.
[Thu Aug 24 08:25:14.097555 2017] [:error] [pid 17760]   class EnterpriseCustomerIdentityProvider(TimeStampedModel):
[Thu Aug 24 08:25:14.097561 2017] [:error] [pid 17760] 
